--- Warning: GDB cannot open serial ports accessed as COMx
--- Using \\.\COM5 instead...
--- esp-idf-monitor 1.9.0 on \\.\COM5 115200
--- Quit: Ctrl+] | Menu: Ctrl+T | Help: Ctrl+T followed by Ctrl+H
ESP-ROM:esp32c3-api1-20210207
Build:Feb  7 2021
rst:0x15 (USB_UART_CHIP_RESET),boot:0x5 (DOWNLOAD(USB/UART0/1))
Saved PC:0x400462dc
--- 0x400462dc: ets_delay_us in ROM
waiting for download
--- Error: ClearCommError failed (PermissionError(13, '设备不识别此命令。', None, 22))
--- Waiting for the device to reconnect.
I (825) board: 电源已稳定（0.00V）
I (825) board: 电池供电，使用保守I2C配置
I (1305) board: Display initialized successfully
I (1305) storage: NVS initialized
I (1305) ui_manager: Loaded 0 messages from storage, current idx=0
I (1305) ui_manager: Loaded brightness: 100%
I (1305) ui_manager: UI Manager initialized
I (2145) board: Initializing keys with GPIOs: UP=5, DOWN=6, ENTER=7, BACK=8
I (2145) board: GPIO config successful
I (2145) board: Button 0 initial state: released
I (2145) board: Button 1 initial state: released
I (2155) board: Button 2 initial state: released
ESP-ROM:esp32c3-api1-20210207
Build:Feb  7 2021
rst:0x8 (TG1WDT_SYS_RST),boot:0xd (SPI_FAST_FLASH_BOOT)
Saved PC:0x40380104
--- Error: ClearCommError failed (PermissionError(13, '设备不识别此命令。', None, 22))
--- Waiting for the device to reconnect--- 0x40380104: _panic_handler at D:/Envs/Espressif/frameworks/esp-idf-v5.5.2/components/riscv/vectors.S:221
SPIWP:0xee
mode:DIO, clock div:1
load:0x3fcd5820,len:0x15c4
load:0x403cbf10,len:0xc84
--- 0x403cbf10: esp_bootloader_get_description at D:/Envs/Espressif/frameworks/esp-idf-v5.5.2/components/esp_bootloader_format/esp_bootloader_desc.c:39
load:0x403ce710,len:0x2fd0
--- 0x403ce710: esp_flash_encryption_enabled at D:/Envs/Espressif/frameworks/esp-idf-v5.5.2/components/bootloader_support/src/flash_encrypt.c:89
.
I (191) cpu_start: Unicore app
I (200) cpu_start: GPIO 20 and 21 are used as console UART I/O pins
I (200) cpu_start: Pro cpu start user code
I (200) cpu_start: cpu freq: 160000000 Hz
I (202) app_init: Application information:
I (206) app_init: Project name:     bp_pager
I (210) app_init: App version:      latest-4-g73a2b84-dirty
I (215) app_init: Compile time:     Feb 17 2026 11:14:03
I (220) app_init: ELF file SHA256:  230b95ebb...
I (225) app_init: ESP-IDF:          v5.5.2
I (228) efuse_init: Min chip rev:     v0.3
I (232) efuse_init: Max chip rev:     v1.99
I (236) efuse_init: Chip rev:         v0.4
I (240) heap_init: Initializing. RAM available for dynamic allocation:
I (246) heap_init: At 3FC910D0 len 0002EF30 (187 KiB): RAM
I (252) heap_init: At 3FCC0000 len 0001C710 (113 KiB): Retention RAM
I (258) heap_init: At 3FCDC710 len 00002950 (10 KiB): Retention RAM
I (264) heap_init: At 50000020 len 00001FC8 (7 KiB): RTCRAM
I (270) spi_flash: detected chip: generic
I (273) spi_flash: flash io: dio
W (276) spi_flash: Detected size(4096k) larger than the size in the binary image header(2048k). Using the size in the binary image header.
I (288) sleep_gpio: Configure to isolate all GPIO pins in sleep state
I (294) sleep_gpio: Enable automatic switching of GPIO sleep configuration
I (309) main_task: Started on CPU0
I (309) main_task: Calling app_main()
I (309) board: I2C master bus initialized successfully (SCL=20, SDA=21)
I (319) board: 电池供电检测，等待电源稳定...
I (319) board: 等待电源稳定，初始电压: 0.00V
E BOD: Brownout detector was triggered


ESP-ROM:esp32c3-api1-20210207
Build:Feb  7 2021
rst:0x3 (RTC_SW_SYS_RST),boot:0xd (SPI_FAST_FLASH_BOOT)
Saved PC:0x40048b82
--- 0x40048b82: software_reset in ROM
SPIWP:0xee
mode:DIO, clock div:1
load:0x3fcd5820,len:0x15c4
load:0x403cbf10,len:0xc84
--- 0x403cbf10: esp_bootloader_get_description at D:/Envs/Espressif/frameworks/esp-idf-v5.5.2/components/esp_bootloader_format/esp_bootloader_desc.c:39
load:0x403ce710,len:0x2fd0
--- Error: ClearCommError failed (PermissionError(13, '设备不识别此命令。', None, 22))  
--- Waiting for the device to reconnect--- 0x403ce710: esp_flash_encryption_enabled at D:/Envs/Espressif/frameworks/esp-idf-v5.5.2/components/bootloader_support/src/flash_encrypt.c:89
entry 0x403cbf1a
--- 0x403cbf1a: call_start_cpu0 at D:/Envs/Espressif/frameworks/esp-idf-v5.5.2/components/bootloader/subproject/main/bootloader_start.c:25
I (24) boot: ESP-IDF v5.5.2 2nd stage bootloader
I (24) boot: compile time Feb 15 2026 19:08:31
I (24) boot: chip revision: v0.4

h: detected chip: generic
I (275) spi_flash: flash io: dio
W (278) spi_flash: Detected size(4096k) larger than the size in the binary image header(2048k). Using the size in the binary image header.
I (290) sleep_gpio: Configure to isolate all GPIO pins in sleep state
I (296) sleep_gpio: Enable automatic switching of GPIO sleep configuration
I (311) main_task: Started on CPU0
I (311) main_task: Calling app_main()
I (311) board: I2C master bus initialized successfully (SCL=20, SDA=21)
I (321) board: 电池供电检测，等待电源稳定...
I (321) board: 等待电源稳定，初始电压: 0.00V
ESP-ROM:esp32c3-api1-20210207
Build:Feb  7 2021
rst:0x8 (TG1WDT_SYS_RST),boot:0xd (SPI_FAST_FLASH_BOOT)
Saved PC:0x40380102
--- Error: ClearCommError failed (PermissionError(13, '设备不识别此命令。', None, 22))
--- Waiting for the device to reconnect--- 0x40380102: _panic_handler at D:/Envs/Espressif/frameworks/esp-idf-v5.5.2/components/riscv/vectors.S:221
SPIWP:0xee
mode:DIO, clock div:1
load:0x3fcd5820,len:0x15c4
load:0x403cbf10,len:0xc84
--- 0x403cbf10: esp_bootloader_get_description at D:/Envs/Espressif/frameworks/esp-idf-v5.5.2/components/esp_bootloader_format/esp_bootloader_desc.c:39
load:0x403ce710,len:0x2fd0
--- 0x403ce710: esp_flash_encryption_enabled at D:/Envs/Espressif/frameworks/esp-idf-v5.5.2/components/bootloader_support/src/flash_encrypt.c:89
entry 0x403cbf1a
--- 0x403cbf1a: call_start_cpu0 at D:/Envs/Espressif/frameworks/esp-idf-v5.5.2/components/bootloader/subproject/main/bootloader_start.c:25

I (50) boot: Enabling RNG early entropy source...
I (55) boot: Partition Table:
I (57) boot: ## Label            Usage          Type ST Offset   Length
I (64) boot:  0 nvs              WiFi data        01 02 00009000 00006000
I (70) boot:  1 phy_init         RF data          01 01 0000f000 00001000
I (77) boot:  2 factory          factory app      00 00 00010000 00100000
I (83) boot: End of partition table
I (86) esp_image: segment 0: paddr=00010020 vaddr=3c040020 size=2b6e4h (177892) map
I (122) esp_image: segment 1: paddr=0003b70c vaddr=3fc8da00 size=01790h (  6032) load
I (124) esp_image: segment 2: paddr=0003cea4 vaddr=40380000 size=03174h ( 12660) load   
I (128) esp_image: segment 3: paddr=00040020 vaddr=42000020 size=319f0h (203248) map    
I (166) esp_image: segment 4: paddr=00071a18 vaddr=40383174 size=0a6b0h ( 42672) load
I (174) esp_image: segment 5: paddr=0007c0d0 vaddr=50000000 size=00020h (    32) load   
I (179) boot: Loaded app from partition at offset 0x10000
I (179) boot: Disabling RNG early entropy source...
I (192) cpu_start: Unicore app
I (200) cpu_start: GPIO 20 and 21 are used as console UART I/O pins
I (200) cpu_start: Pro cpu start user code
I (200) cpu_start: cpu freq: 160000000 Hz
I (202) app_init: Application information:
I (206) app_init: Project name:     bp_pager
I (210) app_init: App version:      latest-4-g73a2b84-dirty
I (215) app_init: Compile time:     Feb 17 2026 11:14:03
I (220) app_init: ELF file SHA256:  230b95ebb...
I (225) app_init: ESP-IDF:          v5.5.2
I (229) efuse_init: Min chip rev:     v0.3
I (232) efuse_init: Max chip rev:     v1.99 
I (236) efuse_init: Chip rev:         v0.4
I (240) heap_init: Initializing. RAM available for dynamic allocation:
I (247) heap_init: At 3FC910D0 len 0002EF30 (187 KiB): RAM
I (252) heap_init: At 3FCC0000 len 0001C710 (113 KiB): Retention RAM
I (258) heap_init: At 3FCDC710 len 00002950 (10 KiB): Retention RAM
I (264) heap_init: At 50000020 len 00001FC8 (7 KiB): RTCRAM
I (270) spi_flash: detected chip: generic
I (273) spi_flash: flash io: dio
W (276) spi_flash: Detected size(4096k) larger than the size in the binary image header(2048k). Using the size in the binary image header.
I (288) sleep_gpio: Configure to isolate all GPIO pins in sleep state
I (294) sleep_gpio: Enable automatic switching of GPIO sleep configuration
I (309) main_task: Started on CPU0
I (309) main_task: Calling app_main()
I (309) board: I2C master bus initialized successfully (SCL=20, SDA=21)
I (319) board: 电池供电检测，等待电源稳定...
I (319) board: 等待电源稳定，初始电压: 0.00V
E BOD: Brownout detector was triggered


ESP-ROM:esp32c3-api1-20210207
Build:Feb  7 2021
rst:0x3 (RTC_SW_SYS_RST),boot:0xd (SPI_FAST_FLASH_BOOT)
Saved PC:0x40048b82
--- 0x40048b82: software_reset in ROM
SPIWP:0xee
mode:DIO, clock div:1
load:0x3fcd5820,len:0x15c4
load:0x403cbf10,len:0xc84
--- 0x403cbf10: esp_bootloader_get_description at D:/Envs/Espressif/frameworks/esp-idf-v5.5.2/components/esp_bootloader_format/esp_bootloader_desc.c:39
load:0x403ce710,len:0x2fd0
--- 0x403ce710: esp_flash_encryption_enabled at D:/Envs/Espressif/frameworks/esp-idf-v5.5.2/components/bootloader_support/src/flash_encrypt.c:89
entry 0x403cbf1a
--- 0x403cbf1a: call_start_cpu0 at D:/Envs/Espressif/frameworks/esp-idf-v5.5.2/components/bootloader/subproject/main/bootloader_start.c:25
I (24) boot: ESP-IDF v5.5.2 2nd stage bootloader
I (24) boot: compile time Feb 15 2026 19:08:31
I (24) boot: chip revision: v0.4
I (24) boot: efuse block revision: v1.3
I (27) boot.esp32c3: SPI Speed      : 80MHz
I (31) boot.esp32c3: SPI Mode       : DIO
I (35) boot.esp32c3: SPI Flash Size : 2MB
I (39) boot: Enabling RNG early entropy source...
I (43) boot: Partition Table:
I (46) boot: ## Label            Usage          Type ST Offset   Length
I (52) boot:  0 nvs              WiFi data        01 02 00009000 00006000
I (59) boot:  1 phy_init         RF data          01 01 0000f000 00001000
I (65) boot:  2 factory          factory app      00 00 00010000 00100000
I (72) boot: End of partition table
I (75) esp_image: segment 0: paddr=00010020 vaddr=3c040020 size=2b6e4h (177892) map     
I (111) esp_image: segment 1: paddr=0003b70c vaddr=3fc8da00 size=01790h (  6032) load
I (112) esp_image: segment 2: paddr=0003cea4 vaddr=40380000 size=03174h ( 12660) load   
I (117) esp_image: segment 3: paddr=00040020 vaddr=42000020 size=319f0h (203248) map    
I (155) esp_image: segment 4: paddr=00071a18 vaddr=40383174 size=0a6b0h ( 42672) load
I (163) esp_image: segment 5: paddr=0007c0d0 vaddr=50000000 size=00020h (    32) load
I (167) boot: Loaded app from partition at offset 0x10000
I (167) boot: Disabling RNG early entropy source...
I (180) cpu_start: Unicore app
I (189) cpu_start: GPIO 20 and 21 are used as console UART I/O pins
I (189) cpu_start: Pro cpu start user code
I (189) cpu_start: cpu freq: 160000000 Hz
I (191) app_init: Application information:
I (195) app_init: Project name:     bp_pager
I (199) app_init: App version:      latest-4-g73a2b84-dirty
I (204) app_init: Compile time:     Feb 17 2026 11:14:03
I (209) app_init: ELF file SHA256:  230b95ebb...
I (213) app_init: ESP-IDF:          v5.5.2
I (217) efuse_init: Min chip rev:     v0.3
I (221) efuse_init: Max chip rev:     v1.99
I (225) efuse_init: Chip rev:         v0.4
I (229) heap_init: Initializing. RAM available for dynamic allocation:
I (235) heap_init: At 3FC910D0 len 0002EF30 (187 KiB): RAM
I (240) heap_init: At 3FCC0000 len 0001C710 (113 KiB): Retention RAM
I (246) heap_init: At 3FCDC710 len 00002950 (10 KiB): Retention RAM
I (252) heap_init: At 50000020 len 00001FC8 (7 KiB): RTCRAM
I (259) spi_flash: detected chip: generic
I (261) spi_flash: flash io: dio
W (264) spi_flash: Detected size(4096k) larger than the size in the binary image header(2048k). Using the size in the binary image header.
I (277) sleep_gpio: Configure to isolate all GPIO pins in sleep state
I (283) sleep_gpio: Enable automatic switching of GPIO sleep configuration
I (298) main_task: Started on CPU0
I (298) main_task: Calling app_main()
I (298) board: I2C master bus initialized successfully (SCL=20, SDA=21)
I (308) board: 电池供电检测，等待电源稳定...
I (308) board: 等待电源稳定，初始电压: 0.00V
E BOD: Brownout detector was triggered


ESP-ROM:esp32c3-api1-20210207
Build:Feb  7 2021
rst:0x3 (RTC_SW_SYS_RST),boot:0xd (SPI_FAST_FLASH_BOOT)
Saved PC:0x40048b82
--- 0x40048b82: software_reset in ROM
SPIWP:0xee
mode:DIO, clock div:1
load:0x3fcd5820,len:0x15c4
load:0x403cbf10,len:0xc84
--- 0x403cbf10: esp_bootloader_get_description at D:/Envs/Espressif/frameworks/esp-idf-v5.5.2/components/esp_bootloader_format/esp_bootloader_desc.c:39
load:0x403ce710,len:0x2fd0
--- 0x403ce710: esp_flash_encryption_enabled at D:/Envs/Espressif/frameworks/esp-idf-v5.5.2/components/bootloader_support/src/flash_encrypt.c:89
entry 0x403cbf1a
--- 0x403cbf1a: call_start_cpu0 at D:/Envs/Espressif/frameworks/esp-idf-v5.5.2/components/bootloader/subproject/main/bootloader_start.c:25
I (24) boot: ESP-IDF v5.5.2 2nd stage bootloader
I (24) boot: compile time Feb 15 2026 19:08:31
I (24) boot: chip revision: v0.4
I (24) boot: efuse block revision: v1.3
I (27) boot.esp32c3: SPI Speed      : 80MHz
I (31) boot.esp32c3: SPI Mode       : DIO
I (35) boot.esp32c3: SPI Flash Size : 2MB
I (39) boot: Enabling RNG early entropy source...
I (43) boot: Partition Table:
I (46) boot: ## Label            Usage          Type ST Offset   Length
I (52) boot:  0 nvs              WiFi data        01 02 00009000 00006000
I (59) boot:  1 phy_init         RF data          01 01 0000f000 00001000
I (65) boot:  2 factory          factory app      00 00 00010000 00100000
I (72) boot: End of partition table
I (75) esp_image: segment 0: paddr=00010020 vaddr=3c040020 size=2b6e4h (177892) map     
I (111) esp_image: segment 1: paddr=0003b70c vaddr=3fc8da00 size=01790h (  6032) load
I (112) esp_image: segment 2: paddr=0003cea4 vaddr=40380000 size=03174h ( 12660) load   
I (117) esp_image: segment 3: paddr=00040020 vaddr=42000020 size=319f0h (203248) map    
I (155) esp_image: segment 4: paddr=00071a18 vaddr=40383174 size=0a6b0h ( 42672) load
I (163) esp_image: segment 5: paddr=0007c0d0 vaddr=50000000 size=00020h (    32) load   
I (167) boot: Loaded app from partition at offset 0x10000
I (168) boot: Disabling RNG early entropy source...
I (180) cpu_start: Unicore app
I (189) cpu_start: GPIO 20 and 21 are used as console UART I/O pins
I (189) cpu_start: Pro cpu start user code
I (189) cpu_start: cpu freq: 160000000 Hz
I (191) app_init: Application information:
I (195) app_init: Project name:     bp_pager
I (199) app_init: App version:      latest-4-g73a2b84-dirty
I (204) app_init: Compile time:     Feb 17 2026 11:14:03
I (209) app_init: ELF file SHA256:  230b95ebb...
I (213) app_init: ESP-IDF:          v5.5.2
I (217) efuse_init: Min chip rev:     v0.3
I (221) efuse_init: Max chip rev:     v1.99
I (225) efuse_init: Chip rev:         v0.4
I (229) heap_init: Initializing. RAM available for dynamic allocation:
I (235) heap_init: At 3FC910D0 len 0002EF30 (187 KiB): RAM
I (240) heap_init: At 3FCC0000 len 0001C710 (113 KiB): Retention RAM
I (246) heap_init: At 3FCDC710 len 00002950 (10 KiB): Retention RAM
I (252) heap_init: At 50000020 len 00001FC8 (7 KiB): RTCRAM
I (259) spi_flash: detected chip: generic
I (261) spi_flash: flash io: dio
W (264) spi_flash: Detected size(4096k) larger than the size in the binary image header(2048k). Using the size in the binary image header.
I (277) sleep_gpio: Configure to isolate all GPIO pins in sleep state
I (283) sleep_gpio: Enable automatic switching of GPIO sleep configuration
I (298) main_task: Started on CPU0
I (298) main_task: Calling app_main()
I (298) board: I2C master bus initialized successfully (SCL=20, SDA=21)
I (308) board: 电池供电检测，等待电源稳定...
I (308) board: 等待电源稳定，初始电压: 0.00V
E BOD: Brownout detector was triggered


ESP-ROM:esp32c3-api1-20210207
Build:Feb  7 2021
rst:0x3 (RTC_SW_SYS_RST),boot:0xd (SPI_FAST_FLASH_BOOT)
Saved PC:0x40048b82
--- 0x40048b82: software_reset in ROM
SPIWP:0xee
mode:DIO, clock div:1
load:0x3fcd5820,len:0x15c4
load:0x403cbf10,len:0xc84
--- 0x403cbf10: esp_bootloader_get_description at D:/Envs/Espressif/frameworks/esp-idf-v5.5.2/components/esp_bootloader_format/esp_bootloader_desc.c:39
load:0x403ce710,len:0x2fd0
--- 0x403ce710: esp_flash_encryption_enabled at D:/Envs/Espressif/frameworks/esp-idf-v5.5.2/components/bootloader_support/src/flash_encrypt.c:89
entry 0x403cbf1a
--- 0x403cbf1a: call_start_cpu0 at D:/Envs/Espressif/frameworks/esp-idf-v5.5.2/components/bootloader/subproject/main/bootloader_start.c:25
I (24) boot: ESP-IDF v5.5.2 2nd stage bootloader
I (24) boot: compile time Feb 15 2026 19:08:31
I (24) boot: chip revision: v0.4
I (24) boot: efuse block revision: v1.3
I (27) boot.esp32c3: SPI Speed      : 80MHz
I (31) boot.esp32c3: SPI Mode       : DIO
I (35) boot.esp32c3: SPI Flash Size : 2MB
I (39) boot: Enabling RNG early entropy source...
I (43) boot: Partition Table:
I (46) boot: ## Label            Usage          Type ST Offset   Length
I (52) boot:  0 nvs              WiFi data        01 02 00009000 00006000
I (59) boot:  1 phy_init         RF data          01 01 0000f000 00001000
I (65) boot:  2 factory          factory app      00 00 00010000 00100000
I (72) boot: End of partition table
I (75) esp_image: segment 0: paddr=00010020 vaddr=3c040020 size=2b6e4h (177892) map
I (111) esp_image: segment 1: paddr=0003b70c vaddr=3fc8da00 size=01790h (  6032) load
I (112) esp_image: segment 2: paddr=0003cea4 vaddr=40380000 size=03174h ( 12660) load   
I (117) esp_image: segment 3: paddr=00040020 vaddr=42000020 size=319f0h (203248) map    
I (155) esp_image: segment 4: paddr=00071a18 vaddr=40383174 size=0a6b0h ( 42672) load
I (163) esp_image: segment 5: paddr=0007c0d0 vaddr=50000000 size=00020h (    32) load   
I (167) boot: Loaded app from partition at offset 0x10000
I (168) boot: Disabling RNG early entropy source...
I (180) cpu_start: Unicore app
I (189) cpu_start: GPIO 20 and 21 are used as console UART I/O pins
I (189) cpu_start: Pro cpu start user code
I (189) cpu_start: cpu freq: 160000000 Hz
I (191) app_init: Application information:
I (195) app_init: Project name:     bp_pager
I (199) app_init: App version:      latest-4-g73a2b84-dirty
I (204) app_init: Compile time:     Feb 17 2026 11:14:03
I (209) app_init: ELF file SHA256:  230b95ebb...
I (213) app_init: ESP-IDF:          v5.5.2
I (217) efuse_init: Min chip rev:     v0.3
I (221) efuse_init: Max chip rev:     v1.99
I (225) efuse_init: Chip rev:         v0.4
I (229) heap_init: Initializing. RAM available for dynamic allocation:
I (235) heap_init: At 3FC910D0 len 0002EF30 (187 KiB): RAM
I (240) heap_init: At 3FCC0000 len 0001C710 (113 KiB): Retention RAM
I (246) heap_init: At 3FCDC710 len 00002950 (10 KiB): Retention RAM
I (252) heap_init: At 50000020 len 00001FC8 (7 KiB): RTCRAM
I (259) spi_flash: detected chip: generic
I (261) spi_flash: flash io: dio
W (264) spi_flash: Detected size(4096k) larger than the size in the binary image header(2048k). Using the size in the binary image header.
I (277) sleep_gpio: Configure to isolate all GPIO pins in sleep state
I (283) sleep_gpio: Enable automatic switching of GPIO sleep configuration
I (298) main_task: Started on CPU0
I (298) main_task: Calling app_main()
I (298) board: I2C master bus initialized successfully (SCL=20, SDA=21)
I (308) board: 电池供电检测，等待电源稳定...
I (308) board: 等待电源稳定，初始电压: 0.00V
���� @`�����ESP-ROM:esp32c3-api1-20210207
Build:Feb  7 2021
rst:0x8 (TG1WDT_SYS_RST),boot:0xd (SPI_FAST_FLASH_BOOT)
Saved PC:0x4038cbee
--- 0x4038cbee: spi_flash_chip_generic_write_encrypted at D:/Envs/Espressif/frameworks/esp-idf-v5.5.2/components/spi_flash/spi_flash_chip_generic.c:637
SPIWP:0xee
mode:DIO, clock div:1
load:0x3fcd5820,len:0x15c4
load:0x403cbf10,len:0xc84
--- 0x403cbf10: esp_bootloader_get_description at D:/Envs/Espressif/frameworks/esp-idf-v5.5.2/components/esp_bootloader_format/esp_bootloader_desc.c:39
load:0x403ce710,len:0x2fd0
--- 0x403ce710: esp_flash_encryption_enabled at D:/Envs/Espressif/frameworks/esp-idf-v5.5.2/components/bootloader_support/src/flash_encrypt.c:89
entry 0x403cbf1a
--- 0x403cbf1a: call_start_cpu0 at D:/Envs/Espressif/frameworks/esp-idf-v5.5.2/components/bootloader/subproject/main/bootloader_start.c:25
I (24) boot: ESP-IDF v5.5.2 2nd stage bootloader
I (24) boot: compile time Feb 15 2026 19:08:31
I (24) boot: chip revision: v0.4
I (24) boot: efuse block revision: v1.3
I (27) boot.esp32c3: SPI Speed      : 80MHz
I (31) boot.esp32c3: SPI Mode       : DIO
I (35) boot.esp32c3: SPI Flash Size : 2MB
W (39) boot.esp32c3: PRO CPU has been reset by WDT.
I (43) boot: Enabling RNG early entropy source...
I (48) boot: Partition Table:
I (51) boot: ## Label            Usage          Type ST Offset   Length
I (57) boot:  0 nvs              WiFi data        01 02 00009000 00006000
I (63) boot:  1 phy_init         RF data          01 01 0000f000 00001000
I (70) boot:  2 factory          factory app      00 00 00010000 00100000
I (76) boot: End of partition table
I (80) esp_image: segment 0: paddr=00010020 vaddr=3c040020 size=2b6e4h (177892) map     
I (115) esp_image: segment 1: paddr=0003b70c vaddr=3fc8da00 size=01790h (  6032) load   
I (117) esp_image: segment 2: paddr=0003cea4 vaddr=40380000 size=03174h ( 12660) load
I (122) esp_image: segment 3: paddr=00040020 vaddr=42000020 size=319f0h (203248) map    
I (159) esp_image: segment 4: paddr=00071a18 vaddr=40383174 size=0a6b0h ( 42672) load
I (167) esp_image: segment 5: paddr=0007c0d0 vaddr=50000000 size=00020h (    32) load
I (172) boot: Loaded app from partition at offset 0x10000
I (172) boot: Disabling RNG early entropy source...
I (185) cpu_start: Unicore app
I (193) cpu_start: GPIO 20 and 21 are used as console UART I/O pins
I (194) cpu_start: Pro cpu start user code
I (194) cpu_start: cpu freq: 160000000 Hz
I (196) app_init: Application information:
I (199) app_init: Project name:     bp_pager
I (203) app_init: App version:      latest-4-g73a2b84-dirty
I (209) app_init: Compile time:     Feb 17 2026 11:14:03
I (214) app_init: ELF file SHA256:  230b95ebb...
I (218) app_init: ESP-IDF:          v5.5.2
I (222) efuse_init: Min chip rev:     v0.3
I (226) efuse_init: Max chip rev:     v1.99
I (230) efuse_init: Chip rev:         v0.4
I (234) heap_init: Initializing. RAM available for dynamic allocation:
I (240) heap_init: At 3FC910D0 len 0002EF30 (187 KiB): RAM
I (245) heap_init: At 3FCC0000 len 0001C710 (113 KiB): Retention RAM
I (251) heap_init: At 3FCDC710 len 00002950 (10 KiB): Retention RAM
I (257) heap_init: At 50000020 len 00001FC8 (7 KiB): RTCRAM
I (263) spi_flash: detected chip: generic
I (266) spi_flash: flash io: dio
W (269) spi_flash: Detected size(4096k) larger than the size in the binary image header(2048k). Using the size in the binary image header.
I (282) sleep_gpio: Configure to isolate all GPIO pins in sleep state
I (287) sleep_gpio: Enable automatic switching of GPIO sleep configuration
I (303) main_task: Started on CPU0
I (303) main_task: Calling app_main()
I (303) board: I2C master bus initialized successfully (SCL=20, SDA=21)
I (313) board: 电池供电检测，等待电源稳定...
I (313) board: 等待电源稳定，初始电压: 0.00V
E BOD: Brownout detector was triggered


ESP-ROM:esp32c3-api1-20210207
Build:Feb  7 2021
rst:0x3 (RTC_SW_SYS_RST),boot:0xd (SPI_FAST_FLASH_BOOT)
Saved PC:0x40048b82
--- 0x40048b82: software_reset in ROM
SPIWP:0xee
mode:DIO, clock div:1
load:0x3fcd5820,len:0x15c4
load:0x403cbf10,len:0xc84
--- 0x403cbf10: esp_bootloader_get_description at D:/Envs/Espressif/frameworks/esp-idf-v5.5.2/components/esp_bootloader_format/esp_bootloader_desc.c:39
load:0x403ce710,len:0x2fd0
--- 0x403ce710: esp_flash_encryption_enabled at D:/Envs/Espressif/frameworks/esp-idf-v5.5.2/components/bootloader_support/src/flash_encrypt.c:89
entry 0x403cbf1a
--- 0x403cbf1a: call_start_cpu0 at D:/Envs/Espressif/frameworks/esp-idf-v5.5.2/components/bootloader/subproject/main/bootloader_start.c:25
I (24) boot: ESP-IDF v5.5.2 2nd stage bootloader
I (24) boot: compile time Feb 15 2026 19:08:31
I (24) boot: chip revision: v0.4
I (24) boot: efuse block revision: v1.3
I (27) boot.esp32c3: SPI Speed      : 80MHz
I (31) boot.esp32c3: SPI Mode       : DIO
I (35) boot.esp32c3: SPI Flash Size : 2MB
I (39) boot: Enabling RNG early entropy source...
I (43) boot: Partition Table:
I (46) boot: ## Label            Usage          Type ST Offset   Length
I (52) boot:  0 nvs              WiFi data        01 02 00009000 00006000
I (59) boot:  1 phy_init         RF data          01 01 0000f000 00001000
I (65) boot:  2 factory          factory app      00 00 00010000 00100000
I (72) boot: End of partition table
I (75) esp_image: segment 0: paddr=00010020 vaddr=3c040020 size=2b6e4h (177892) map     
I (111) esp_image: segment 1: paddr=0003b70c vaddr=3fc8da00 size=01790h (  6032) load
I (112) esp_image: segment 2: paddr=0003cea4 vaddr=40380000 size=03174h ( 12660) load   
I (117) esp_image: segment 3: paddr=00040020 vaddr=42000020 size=319f0h (203248) map
I (155) esp_image: segment 4: paddr=00071a18 vaddr=40383174 size=0a6b0h ( 42672) load
I (163) esp_image: segment 5: paddr=0007c0d0 vaddr=50000000 size=00020h (    32) load   
I (167) boot: Loaded app from partition at offset 0x10000
I (168) boot: Disabling RNG early entropy source...
I (180) cpu_start: Unicore app
I (189) cpu_start: GPIO 20 and 21 are used as console UART I/O pins
I (189) cpu_start: Pro cpu start user code
I (189) cpu_start: cpu freq: 160000000 Hz
I (191) app_init: Application information:
I (195) app_init: Project name:     bp_pager
I (199) app_init: App version:      latest-4-g73a2b84-dirty
I (204) app_init: Compile time:     Feb 17 2026 11:14:03
I (209) app_init: ELF file SHA256:  230b95ebb...
I (213) app_init: ESP-IDF:          v5.5.2
I (217) efuse_init: Min chip rev:     v0.3
I (221) efuse_init: Max chip rev:     v1.99
I (225) efuse_init: Chip rev:         v0.4
I (229) heap_init: Initializing. RAM available for dynamic allocation:
I (235) heap_init: At 3FC910D0 len 0002EF30 (187 KiB): RAM
I (240) heap_init: At 3FCC0000 len 0001C710 (113 KiB): Retention RAM
I (246) heap_init: At 3FCDC710 len 00002950 (10 KiB): Retention RAM
I (252) heap_init: At 50000020 len 00001FC8 (7 KiB): RTCRAM
I (259) spi_flash: detected chip: generic
I (261) spi_flash: flash io: dio
W (264) spi_flash: Detected size(4096k) larger than the size in the binary image header(2048k). Using the size in the binary image header.
I (277) sleep_gpio: Configure to isolate all GPIO pins in sleep state
I (283) sleep_gpio: Enable automatic switching of GPIO sleep configuration
I (298) main_task: Started on CPU0
I (298) main_task: Calling app_main()
I (298) board: I2C master bus initialized successfully (SCL=20, SDA=21)
I (308) board: 电池供电检测，等待电源稳定...
I (308) board: 等待电源稳定，初始电压: 0.00V
E BOD: Brownout detector was triggered


ESP-ROM:esp32c3-api1-20210207
Build:Feb  7 2021
rst:0x3 (RTC_SW_SYS_RST),boot:0xd (SPI_FAST_FLASH_BOOT)
Saved PC:0x40048b82
--- 0x40048b82: software_reset in ROM
SPIWP:0xee
mode:DIO, clock div:1
load:0x3fcd5820,len:0x15c4
load:0x403cbf10,len:0xc84
--- 0x403cbf10: esp_bootloader_get_description at D:/Envs/Espressif/frameworks/esp-idf-v5.5.2/components/esp_bootloader_format/esp_bootloader_desc.c:39
load:0x403ce710,len:0x2fd0
--- 0x403ce710: esp_flash_encryption_enabled at D:/Envs/Espressif/frameworks/esp-idf-v5.5.2/components/bootloader_support/src/flash_encrypt.c:89
entry 0x403cbf1a
--- 0x403cbf1a: call_start_cpu0 at D:/Envs/Espressif/frameworks/esp-idf-v5.5.2/components/bootloader/subproject/main/bootloader_start.c:25
I (24) boot: ESP-IDF v5.5.2 2nd stage bootloader
I (24) boot: compile time Feb 15 2026 19:08:31
I (24) boot: chip revision: v0.4
I (24) boot: efuse block revision: v1.3
I (27) boot.esp32c3: SPI Speed      : 80MHz
I (31) boot.esp32c3: SPI Mode       : DIO
I (35) boot.esp32c3: SPI Flash Size : 2MB
I (39) boot: Enabling RNG early entropy source...
I (43) boot: Partition Table:
I (46) boot: ## Label            Usage          Type ST Offset   Length
I (52) boot:  0 nvs              WiFi data        01 02 00009000 00006000
I (59) boot:  1 phy_init         RF data          01 01 0000f000 00001000
I (65) boot:  2 factory          factory app      00 00 00010000 00100000
I (72) boot: End of partition table
I (75) esp_image: segment 0: paddr=00010020 vaddr=3c040020 size=2b6e4h (177892) map
I (111) esp_image: segment 1: paddr=0003b70c vaddr=3fc8da00 size=01790h (  6032) load
I (112) esp_image: segment 2: paddr=0003cea4 vaddr=40380000 size=03174h ( 12660) load
I (117) esp_image: segment 3: paddr=00040020 vaddr=42000020 size=319f0h (203248) map    
I (155) esp_image: segment 4: paddr=00071a18 vaddr=40383174 size=0a6b0h ( 42672) load
I (163) esp_image: segment 5: paddr=0007c0d0 vaddr=50000000 size=00020h (    32) load   
I (167) boot: Loaded app from partition at offset 0x10000
I (168) boot: Disabling RNG early entropy source...
I (180) cpu_start: Unicore app
I (189) cpu_start: GPIO 20 and 21 are used as console UART I/O pins
I (189) cpu_start: Pro cpu start user code
I (189) cpu_start: cpu freq: 160000000 Hz
I (191) app_init: Application information:
I (195) app_init: Project name:     bp_pager
I (199) app_init: App version:      latest-4-g73a2b84-dirty
I (204) app_init: Compile time:     Feb 17 2026 11:14:03
I (209) app_init: ELF file SHA256:  230b95ebb...
I (213) app_init: ESP-IDF:          v5.5.2
I (217) efuse_init: Min chip rev:     v0.3
I (221) efuse_init: Max chip rev:     v1.99 
I (225) efuse_init: Chip rev:         v0.4
I (229) heap_init: Initializing. RAM available for dynamic allocation:
I (235) heap_init: At 3FC910D0 len 0002EF30 (187 KiB): RAM
I (240) heap_init: At 3FCC0000 len 0001C710 (113 KiB): Retention RAM
I (246) heap_init: At 3FCDC710 len 00002950 (10 KiB): Retention RAM
I (252) heap_init: At 50000020 len 00001FC8 (7 KiB): RTCRAM
I (259) spi_flash: detected chip: generic
I (261) spi_flash: flash io: dio
W (264) spi_flash: Detected size(4096k) larger than the size in the binary image header(2048k). Using the size in the binary image header.
I (277) sleep_gpio: Configure to isolate all GPIO pins in sleep state
I (283) sleep_gpio: Enable automatic switching of GPIO sleep configuration
I (298) main_task: Started on CPU0
I (298) main_task: Calling app_main()
I (298) board: I2C master bus initialized successfully (SCL=20, SDA=21)
I (308) board: 电池供电检测，等待电源稳定...
I (308) board: 等待电源稳定，初始电压: 0.00V
E BOD: Brownout detector was triggered


ESP-ROM:esp32c3-api1-20210207
Build:Feb  7 2021
rst:0x3 (RTC_SW_SYS_RST),boot:0xd (SPI_FAST_FLASH_BOOT)
Saved PC:0x40048b82
--- 0x40048b82: software_reset in ROM
SPIWP:0xee
mode:DIO, clock div:1
load:0x3fcd5820,len:0x15c4
load:0x403cbf10,len:0xc84
--- 0x403cbf10: esp_bootloader_get_description at D:/Envs/Espressif/frameworks/esp-idf-v5.5.2/components/esp_bootloader_format/esp_bootloader_desc.c:39
load:0x403ce710,len:0x2fd0
--- 0x403ce710: esp_flash_encryption_enabled at D:/Envs/Espressif/frameworks/esp-idf-v5.5.2/components/bootloader_support/src/flash_encrypt.c:89
entry 0x403cbf1a
--- 0x403cbf1a: call_start_cpu0 at D:/Envs/Espressif/frameworks/esp-idf-v5.5.2/components/bootloader/subproject/main/bootloader_start.c:25
I (24) boot: ESP-IDF v5.5.2 2nd stage bootloader
I (24) boot: compile time Feb 15 2026 19:08:31
I (24) boot: chip revision: v0.4
I (24) boot: efuse block revision: v1.3
I (27) boot.esp32c3: SPI Speed      : 80MHz
I (31) boot.esp32c3: SPI Mode       : DIO
I (35) boot.esp32c3: SPI Flash Size : 2MB
I (39) boot: Enabling RNG early entropy source...
I (43) boot: Partition Table:
I (46) boot: ## Label            Usage          Type ST Offset   Length
I (52) boot:  0 nvs              WiFi data        01 02 00009000 00006000
I (59) boot:  1 phy_init         RF data          01 01 0000f000 00001000
I (65) boot:  2 factory          factory app      00 00 00010000 00100000
I (72) boot: End of partition table
I (75) esp_image: segment 0: paddr=00010020 vaddr=3c040020 size=2b6e4h (177892) map
I (111) esp_image: segment 1: paddr=0003b70c vaddr=3fc8da00 size=01790h (  6032) load
I (112) esp_image: segment 2: paddr=0003cea4 vaddr=40380000 size=03174h ( 12660) load   
I (117) esp_image: segment 3: paddr=00040020 vaddr=42000020 size=319f0h (203248) map    
I (155) esp_image: segment 4: paddr=00071a18 vaddr=40383174 size=0a6b0h ( 42672) load
I (163) esp_image: segment 5: paddr=0007c0d0 vaddr=50000000 size=00020h (    32) load   
I (167) boot: Loaded app from partition at offset 0x10000
I (168) boot: Disabling RNG early entropy source...
I (180) cpu_start: Unicore app
I (189) cpu_start: GPIO 20 and 21 are used as console UART I/O pins
I (189) cpu_start: Pro cpu start user code
I (189) cpu_start: cpu freq: 160000000 Hz
I (191) app_init: Application information:
I (195) app_init: Project name:     bp_pager
I (199) app_init: App version:      latest-4-g73a2b84-dirty
I (204) app_init: Compile time:     Feb 17 2026 11:14:03
I (209) app_init: ELF file SHA256:  230b95ebb...
I (213) app_init: ESP-IDF:          v5.5.2
I (217) efuse_init: Min chip rev:     v0.3
--- Error: ClearCommError failed (PermissionError(13, '设备不识别此命令。', None, 22))  
--- Waiting for the device to reconnect
0h (203248) map
I (166) esp_image: segment 4: paddr=00071a18 vaddr=40383174 size=0a6b0h ( 42672) load
I (174) esp_image: segment 5: paddr=0007c0d0 vaddr=50000000 size=00020h (    32) load   
I (179) boot: Loaded app from partition at offset 0x10000
I (179) boot: Disabling RNG early entropy source...
I (192) cpu_start: Unicore app
I (200) cpu_start: GPIO 20 and 21 are used as console UART I/O pins
I (200) cpu_start: Pro cpu start user code
I (200) cpu_start: cpu freq: 160000000 Hz
--- Error: ClearCommError failed (PermissionError(13, '设备不识别此命令。', None, 22))  
--- Waiting for the device to reconnect
I (35) boot: ESP-IDF v5.5.2 2nd stage bootloader
I (35) boot: compile time Feb 15 2026 19:08:31
I (35) boot: chip revision: v0.4
I (35) boot: efuse block revision: v1.3
I (39) boot.esp32c3: SPI Speed      : 80MHz
I (43) boot.esp32c3: SPI Mode       : DIO
I (46) boot.esp32c3: SPI Flash Size : 2MB
I (50) boot: Enabling RNG early entropy source...
I (55) boot: Partition Table:
I (57) boot: ## Label            Usage          Type ST Offset   Length
I (64) boot:  0 nvs              WiFi data        01 02 00009000 00006000
I (70) boot:  1 phy_init         RF data          01 01 0000f000 00001000
I (77) boot:  2 factory          factory app      00 00 00010000 00100000
I (83) boot: End of partition table
I (86) esp_image: segment 0: paddr=00010020 vaddr=3c040020 size=2b6e4h (177892) map     
I (122) esp_image: segment 1: paddr=0003b70c vaddr=3fc8da00 size=01790h (  6032) load
I (124) esp_image: segment 2: paddr=0003cea4 vaddr=40380000 size=03174h ( 12660) load   
I (128) esp_image: segment 3: paddr=00040020 vaddr=42000020 size=319f0h (203248) map    
--- Error: ClearCommError failed (PermissionError(13, '设备不识别此命令。', None, 22))
--- Waiting for the device to reconnect.....

Done